// Jest Snapshot v1, https://goo.gl/fbAQLP

exports[`MountedKeypad should render correctly 1`] = `ReactWrapper {}`;
