// Jest Snapshot v1, https://goo.gl/fbAQLP

exports[`Display should render correctly 1`] = `
<div
  className="display-container"
>
  <p
    className="display-value"
  >
    a display value
  </p>
</div>
`;
